Ôû▓ Next.js 16.1.1 (Turbopack)
- Environments: .env
- Experiments (use with caution):
  ┬À serverActions

node : ÔÜá The "middleware" file convention is deprecated. Please use "proxy" instead. Learn more: https://nextjs.org/d
ocs/messages/middleware-to-proxy
At line:1 char:1
+ node node_modules/next/dist/bin/next build 2>&1 > build-output.txt; G ...
+ ~~~~~~~~~~~~~~~~~~~~~~~~~~~~~~~~~~~~~~~~~~~~~~~~~~~~~~~~~~~~~~~~~~
    + CategoryInfo          : NotSpecified: (ÔÜá The "middle...leware-to-proxy:String) [], RemoteException
    + FullyQualifiedErrorId : NativeCommandError
 
  Creating an optimized production build ...
Ô£ô Compiled successfully in 3.6s
  Skipping validation of types
  Collecting page data using 23 workers ...
AUTH_SECRET exists: true
AUTH_SECRET exists: true
AUTH_SECRET exists: true
AUTH_SECRET exists: true
AUTH_SECRET exists: true
AUTH_SECRET exists: true
AUTH_SECRET exists: true
AUTH_SECRET exists: true
AUTH_SECRET exists: true
AUTH_SECRET exists: true
AUTH_SECRET exists: true
AUTH_SECRET exists: true
AUTH_SECRET exists: true
AUTH_SECRET exists: true
AUTH_SECRET exists: true
AUTH_SECRET exists: true
AUTH_SECRET exists: true
  Generating static pages using 23 workers (0/30) ...
AUTH_SECRET exists: true
AUTH_SECRET exists: true
  Generating static pages using 23 workers (7/30) 
  Generating static pages using 23 workers (14/30) 
  Generating static pages using 23 workers (22/30) 
Ô£ô Generating static pages using 23 workers (30/30) in 2.7s
  Finalizing page optimization ...

Route (app)
Ôöî Ôùï /
Ôö£ Ôùï /_not-found
Ôö£ ãÆ /api/auth/[...nextauth]
Ôö£ ãÆ /api/debug-health
Ôö£ ãÆ /api/debug/fix-devir
Ôö£ ãÆ /api/debug/fuel-update
Ôö£ ãÆ /api/debug/ping
Ôö£ ãÆ /api/personnel/attendance
Ôö£ ãÆ /api/personnel/attendance/list
Ôö£ ãÆ /api/personnel/mark-left
Ôö£ ãÆ /api/send-mail
Ôö£ ãÆ /api/test-excel
Ôö£ ãÆ /api/test-tuik
Ôö£ ãÆ /api/users
Ôö£ ãÆ /api/vehicle-attendance/save
Ôö£ ãÆ /api/yi-ufe
Ôö£ ãÆ /dashboard
Ôö£ ãÆ /dashboard/admin
Ôö£ ãÆ /dashboard/attendance
Ôö£ ãÆ /dashboard/cash-book
Ôö£ ãÆ /dashboard/correspondence
Ôö£ ãÆ /dashboard/fuel
Ôö£ ãÆ /dashboard/fuel/movement
Ôö£ ãÆ /dashboard/limit-value
Ôö£ ãÆ /dashboard/new-tab
Ôö£ ãÆ /dashboard/personnel
Ôö£ ãÆ /dashboard/site-log
Ôö£ ãÆ /dashboard/sites/[id]
Ôö£ ãÆ /dashboard/vehicle-attendance
Ôö£ ãÆ /dashboard/vehicles
Ôö£ Ôùï /login
Ôöö Ôùï /site-operator


ãÆ Proxy (Middleware)

Ôùï  (Static)   prerendered as static content
ãÆ  (Dynamic)  server-rendered on demand

